// Jest Snapshot v1, https://goo.gl/fbAQLP

exports[`History Item Component should match the History Item  snapshot 1`] = `
<View
  accessible={true}
  collapsable={false}
  focusable={true}
  nativeID="animatedComponent"
  onClick={[Function]}
  onResponderGrant={[Function]}
  onResponderMove={[Function]}
  onResponderRelease={[Function]}
  onResponderTerminate={[Function]}
  onResponderTerminationRequest={[Function]}
  onStartShouldSetResponder={[Function]}
  style={
    Object {
      "backgroundColor": "#F4F4F4",
      "borderRadius": 30,
      "opacity": 1,
      "paddingBottom": 8,
      "paddingLeft": 8,
      "paddingRight": 8,
      "paddingTop": 8,
    }
  }
>
  <Text
    style={
      Array [
        Object {
          "fontSize": 14,
          "fontWeight": "200",
        },
      ]
    }
  >
    test item
  </Text>
</View>
`;
